<html>
<body>
<pre>
<h1>µVision Build Log</h1>
<h2>Project:</h2>
C:\Users\Tarun Aadith\OneDrive\Desktop\ARM\Assignments\uart 3 otp\uartotp.uvproj
Project File Date:  04/14/2026

<h2>Output:</h2>
Build target 'Target 1'
compiling uart_config.c...
linking...
Program Size: Code=1676 RO-data=32 RW-data=12 ZI-data=1260  
FromELF: creating hex file...
".\uartotp.axf" - 0 Error(s), 0 Warning(s).
</pre>
</body>
</html>
ating hex file...
".\uartotp.axf" - 0 Error(s), 0 Warning(s).
 warning:  #1-D: last line of file ends without a newline
  }
otp.c: 1 warning, 2 errors
".\uartotp.axf" - 2 Error(s), 1 Warning(s).
Target not created
compatible with previous "cgram_write" (declared at line 20)
  void cgram_write(void){
lcdfns.c: 2 warnings, 2 errors
compiling main.c...
compiling uart_config.c...
".\uartotp.axf" - 2 Error(s), 2 Warning(s).
Target not created
